Running Jupyter-Book v1.0.4.post1
Source Folder: /Users/davekanter/Documents/daving-the-coding-interview
Config Path: /Users/davekanter/Documents/daving-the-coding-interview/_config.yml
Output Path: /Users/davekanter/Documents/daving-the-coding-interview/_build/html

[93m===============================================================================[0m

[Warning] The `html.google_analytics_id` configuration value has moved to `html.analytics.google_analytics_id`

[93m===============================================================================[0m

[01mRunning Sphinx v7.4.7[39;49;00m
[01mloading translations [en]... [39;49;00mdone
[etoc] Changing master_doc to 'intro'
[01mloading pickled environment... [39;49;00mdone
[01mmyst v3.0.1:[39;49;00m MdParserConfig(commonmark_only=False, gfm_only=False, enable_extensions={'colon_fence', 'linkify', 'tasklist', 'substitution', 'dollarmath'}, disable_syntax=[], all_links_external=False, links_external_new_tab=False, url_schemes=('mailto', 'http', 'https'), ref_domains=None, fence_as_directive=set(), number_code_blocks=[], title_to_header=False, heading_anchors=0, heading_slug_func=None, html_meta={}, footnote_transition=True, words_per_minute=200, substitutions={}, linkify_fuzzy_links=True, dmath_allow_labels=True, dmath_allow_space=True, dmath_allow_digits=True, dmath_double_inline=False, update_mathjax=True, mathjax_classes='tex2jax_process|mathjax_process|math|output_area', enable_checkboxes=False, suppress_warnings=[], highlight_code_blocks=True)
[01mmyst-nb v1.3.0:[39;49;00m NbParserConfig(custom_formats={}, metadata_key='mystnb', cell_metadata_key='mystnb', kernel_rgx_aliases={}, eval_name_regex='^[a-zA-Z_][a-zA-Z0-9_]*$', execution_mode='off', execution_cache_path='', execution_excludepatterns=['test-book/*', 'notebooks/*', 'drafts/*', 'docs/*', '.github/*', 'asciidoc-source/*', 'grapher/*', 'code/*', '**/.DS_Store', '**/README.md', 'SETUP.md', 'LICENSE'], execution_timeout=30, execution_in_temp=False, execution_allow_errors=False, execution_raise_on_error=False, execution_show_tb=False, merge_streams=False, render_plugin='default', remove_code_source=False, remove_code_outputs=False, scroll_outputs=False, code_prompt_show='Show code cell {type}', code_prompt_hide='Hide code cell {type}', number_source_lines=False, output_stderr='show', render_text_lexer='myst-ansi', render_error_lexer='ipythontb', render_image_options={}, render_figure_options={}, render_markdown_format='commonmark', output_folder='build', append_css=True, metadata_to_fm=False)
Using jupyter-cache at: /Users/davekanter/Documents/daving-the-coding-interview/_build/.jupyter_cache
[01msphinx-multitoc-numbering v0.1.3:[39;49;00m Loaded
[01mbuilding [mo]: [39;49;00mtargets for 0 po files that are out of date
[01mwriting output... [39;49;00m
[01mbuilding [html]: [39;49;00mtargets for 0 source files that are out of date
[01mupdating environment: [39;49;00m0 added, 0 changed, 0 removed
[01mreading sources... [39;49;00m
[01mlooking for now-outdated files... [39;49;00mnone found
[01mno targets are out of date.[39;49;00m
[01mbuild succeeded.[39;49;00m

The HTML pages are in _build/html.

[92m===============================================================================[0m

Finished generating HTML for book.
Your book's HTML pages are here:
    _build/html/
You can look at your book by opening this file in a browser:
    _build/html/index.html
Or paste this line directly into your browser bar:
    file:///Users/davekanter/Documents/daving-the-coding-interview/_build/html/index.html            

[92m===============================================================================[0m

